<testsuites id="" name="" tests="8" failures="7" skipped="0" errors="0" time="35.694254">
<testsuite name="admin-ui.spec.js" timestamp="2025-09-29T00:14:24.338Z" hostname="chromium" tests="4" failures="4" skipped="0" time="126.746" errors="0">
<testcase name="后台界面极简体验基线 › API Key 管理页的创建模态应可滚动且操作按钮需具备文本" classname="admin-ui.spec.js" time="31.714">
<failure message="admin-ui.spec.js:37:3 API Key 管理页的创建模态应可滚动且操作按钮需具备文本" type="FAILURE">
<![CDATA[  [chromium] › admin-ui.spec.js:37:3 › 后台界面极简体验基线 › API Key 管理页的创建模态应可滚动且操作按钮需具备文本 ─────────────────

    Test timeout of 30000ms exceeded.

    Error: page.waitForURL: Test timeout of 30000ms exceeded.
    =========================== logs ===========================
    waiting for navigation to "**/admin/dashboard" until "load"
    ============================================================

       9 |   await page.fill('input[name="password"]', 'change_me_strong_password');
      10 |   await page.click('button[type="submit"]');
    > 11 |   await page.waitForURL('**/admin/dashboard');
         |              ^
      12 | }
      13 |
      14 | /**
        at adminLogin (E:\第一桶金\AI Breakthrough\AI-coding\html_deploy_project\tests\__tests__\e2e\admin-ui.spec.js:11:14)
        at E:\第一桶金\AI Breakthrough\AI-coding\html_deploy_project\tests\__tests__\e2e\admin-ui.spec.js:38:5

    attachment #1: screenshot (image/png) ──────────────────────────────────────────────────────────
    ..\..\..\test-results\admin-ui-后台界面极简体验基线-API-Key-管理页的创建模态应可滚动且操作按钮需具备文本-chromium\test-failed-1.png
    ────────────────────────────────────────────────────────────────────────────────────────────────

    attachment #2: video (video/webm) ──────────────────────────────────────────────────────────────
    ..\..\..\test-results\admin-ui-后台界面极简体验基线-API-Key-管理页的创建模态应可滚动且操作按钮需具备文本-chromium\video.webm
    ────────────────────────────────────────────────────────────────────────────────────────────────

    Error Context: ..\..\..\test-results\admin-ui-后台界面极简体验基线-API-Key-管理页的创建模态应可滚动且操作按钮需具备文本-chromium\error-context.md
]]>
</failure>
<system-out>
<![CDATA[
[[ATTACHMENT|admin-ui-后台界面极简体验基线-API-Key-管理页的创建模态应可滚动且操作按钮需具备文本-chromium\test-failed-1.png]]

[[ATTACHMENT|admin-ui-后台界面极简体验基线-API-Key-管理页的创建模态应可滚动且操作按钮需具备文本-chromium\video.webm]]

[[ATTACHMENT|admin-ui-后台界面极简体验基线-API-Key-管理页的创建模态应可滚动且操作按钮需具备文本-chromium\error-context.md]]
]]>
</system-out>
</testcase>
<testcase name="后台界面极简体验基线 › 概览页快捷操作需无边框展示" classname="admin-ui.spec.js" time="31.711">
<failure message="admin-ui.spec.js:70:3 概览页快捷操作需无边框展示" type="FAILURE">
<![CDATA[  [chromium] › admin-ui.spec.js:70:3 › 后台界面极简体验基线 › 概览页快捷操作需无边框展示 ──────────────────────────────────

    Test timeout of 30000ms exceeded.

    Error: page.waitForURL: Test timeout of 30000ms exceeded.
    =========================== logs ===========================
    waiting for navigation to "**/admin/dashboard" until "load"
    ============================================================

       9 |   await page.fill('input[name="password"]', 'change_me_strong_password');
      10 |   await page.click('button[type="submit"]');
    > 11 |   await page.waitForURL('**/admin/dashboard');
         |              ^
      12 | }
      13 |
      14 | /**
        at adminLogin (E:\第一桶金\AI Breakthrough\AI-coding\html_deploy_project\tests\__tests__\e2e\admin-ui.spec.js:11:14)
        at E:\第一桶金\AI Breakthrough\AI-coding\html_deploy_project\tests\__tests__\e2e\admin-ui.spec.js:71:5

    attachment #1: screenshot (image/png) ──────────────────────────────────────────────────────────
    ..\..\..\test-results\admin-ui-后台界面极简体验基线-概览页快捷操作需无边框展示-chromium\test-failed-1.png
    ────────────────────────────────────────────────────────────────────────────────────────────────

    attachment #2: video (video/webm) ──────────────────────────────────────────────────────────────
    ..\..\..\test-results\admin-ui-后台界面极简体验基线-概览页快捷操作需无边框展示-chromium\video.webm
    ────────────────────────────────────────────────────────────────────────────────────────────────

    Error Context: ..\..\..\test-results\admin-ui-后台界面极简体验基线-概览页快捷操作需无边框展示-chromium\error-context.md
]]>
</failure>
<system-out>
<![CDATA[
[[ATTACHMENT|admin-ui-后台界面极简体验基线-概览页快捷操作需无边框展示-chromium\test-failed-1.png]]

[[ATTACHMENT|admin-ui-后台界面极简体验基线-概览页快捷操作需无边框展示-chromium\video.webm]]

[[ATTACHMENT|admin-ui-后台界面极简体验基线-概览页快捷操作需无边框展示-chromium\error-context.md]]
]]>
</system-out>
</testcase>
<testcase name="后台界面极简体验基线 › 页面管理侧栏应移除无序列表圆点" classname="admin-ui.spec.js" time="31.757">
<failure message="admin-ui.spec.js:84:3 页面管理侧栏应移除无序列表圆点" type="FAILURE">
<![CDATA[  [chromium] › admin-ui.spec.js:84:3 › 后台界面极简体验基线 › 页面管理侧栏应移除无序列表圆点 ────────────────────────────────

    Test timeout of 30000ms exceeded.

    Error: page.waitForURL: Test timeout of 30000ms exceeded.
    =========================== logs ===========================
    waiting for navigation to "**/admin/dashboard" until "load"
    ============================================================

       9 |   await page.fill('input[name="password"]', 'change_me_strong_password');
      10 |   await page.click('button[type="submit"]');
    > 11 |   await page.waitForURL('**/admin/dashboard');
         |              ^
      12 | }
      13 |
      14 | /**
        at adminLogin (E:\第一桶金\AI Breakthrough\AI-coding\html_deploy_project\tests\__tests__\e2e\admin-ui.spec.js:11:14)
        at E:\第一桶金\AI Breakthrough\AI-coding\html_deploy_project\tests\__tests__\e2e\admin-ui.spec.js:85:5

    attachment #1: screenshot (image/png) ──────────────────────────────────────────────────────────
    ..\..\..\test-results\admin-ui-后台界面极简体验基线-页面管理侧栏应移除无序列表圆点-chromium\test-failed-1.png
    ────────────────────────────────────────────────────────────────────────────────────────────────

    attachment #2: video (video/webm) ──────────────────────────────────────────────────────────────
    ..\..\..\test-results\admin-ui-后台界面极简体验基线-页面管理侧栏应移除无序列表圆点-chromium\video.webm
    ────────────────────────────────────────────────────────────────────────────────────────────────

    Error Context: ..\..\..\test-results\admin-ui-后台界面极简体验基线-页面管理侧栏应移除无序列表圆点-chromium\error-context.md
]]>
</failure>
<system-out>
<![CDATA[
[[ATTACHMENT|admin-ui-后台界面极简体验基线-页面管理侧栏应移除无序列表圆点-chromium\test-failed-1.png]]

[[ATTACHMENT|admin-ui-后台界面极简体验基线-页面管理侧栏应移除无序列表圆点-chromium\video.webm]]

[[ATTACHMENT|admin-ui-后台界面极简体验基线-页面管理侧栏应移除无序列表圆点-chromium\error-context.md]]
]]>
</system-out>
</testcase>
<testcase name="后台界面极简体验基线 › 页面编辑模态体需具备滚动能力避免割裂体验" classname="admin-ui.spec.js" time="31.564">
<failure message="admin-ui.spec.js:93:3 页面编辑模态体需具备滚动能力避免割裂体验" type="FAILURE">
<![CDATA[  [chromium] › admin-ui.spec.js:93:3 › 后台界面极简体验基线 › 页面编辑模态体需具备滚动能力避免割裂体验 ───────────────────────────

    Test timeout of 30000ms exceeded.

    Error: page.waitForURL: Test timeout of 30000ms exceeded.
    =========================== logs ===========================
    waiting for navigation to "**/admin/dashboard" until "load"
    ============================================================

       9 |   await page.fill('input[name="password"]', 'change_me_strong_password');
      10 |   await page.click('button[type="submit"]');
    > 11 |   await page.waitForURL('**/admin/dashboard');
         |              ^
      12 | }
      13 |
      14 | /**
        at adminLogin (E:\第一桶金\AI Breakthrough\AI-coding\html_deploy_project\tests\__tests__\e2e\admin-ui.spec.js:11:14)
        at E:\第一桶金\AI Breakthrough\AI-coding\html_deploy_project\tests\__tests__\e2e\admin-ui.spec.js:94:5

    attachment #1: screenshot (image/png) ──────────────────────────────────────────────────────────
    ..\..\..\test-results\admin-ui-后台界面极简体验基线-页面编辑模态体需具备滚动能力避免割裂体验-chromium\test-failed-1.png
    ────────────────────────────────────────────────────────────────────────────────────────────────

    attachment #2: video (video/webm) ──────────────────────────────────────────────────────────────
    ..\..\..\test-results\admin-ui-后台界面极简体验基线-页面编辑模态体需具备滚动能力避免割裂体验-chromium\video.webm
    ────────────────────────────────────────────────────────────────────────────────────────────────

    Error Context: ..\..\..\test-results\admin-ui-后台界面极简体验基线-页面编辑模态体需具备滚动能力避免割裂体验-chromium\error-context.md
]]>
</failure>
<system-out>
<![CDATA[
[[ATTACHMENT|admin-ui-后台界面极简体验基线-页面编辑模态体需具备滚动能力避免割裂体验-chromium\test-failed-1.png]]

[[ATTACHMENT|admin-ui-后台界面极简体验基线-页面编辑模态体需具备滚动能力避免割裂体验-chromium\video.webm]]

[[ATTACHMENT|admin-ui-后台界面极简体验基线-页面编辑模态体需具备滚动能力避免割裂体验-chromium\error-context.md]]
]]>
</system-out>
</testcase>
</testsuite>
<testsuite name="login.spec.js" timestamp="2025-09-29T00:14:24.338Z" hostname="chromium" tests="4" failures="3" skipped="0" time="76.587" errors="0">
<testcase name="登录功能测试 › 成功登录到管理后台" classname="login.spec.js" time="31.559">
<failure message="login.spec.js:4:3 成功登录到管理后台" type="FAILURE">
<![CDATA[  [chromium] › login.spec.js:4:3 › 登录功能测试 › 成功登录到管理后台 ──────────────────────────────────────────────

    Test timeout of 30000ms exceeded.

    Error: page.waitForURL: Test timeout of 30000ms exceeded.
    =========================== logs ===========================
    waiting for navigation to "http://localhost:5678/admin/dashboard" until "load"
    ============================================================

      16 |     
      17 |     // 等待跳转到管理后台
    > 18 |     await page.waitForURL('http://localhost:5678/admin/dashboard');
         |                ^
      19 |     
      20 |     // 验证登录成功
      21 |     await expect(page.locator('h1')).toContainText('管理后台');
        at E:\第一桶金\AI Breakthrough\AI-coding\html_deploy_project\tests\__tests__\e2e\login.spec.js:18:16

    attachment #1: screenshot (image/png) ──────────────────────────────────────────────────────────
    ..\..\..\test-results\login-登录功能测试-成功登录到管理后台-chromium\test-failed-1.png
    ────────────────────────────────────────────────────────────────────────────────────────────────

    attachment #2: video (video/webm) ──────────────────────────────────────────────────────────────
    ..\..\..\test-results\login-登录功能测试-成功登录到管理后台-chromium\video.webm
    ────────────────────────────────────────────────────────────────────────────────────────────────

    Error Context: ..\..\..\test-results\login-登录功能测试-成功登录到管理后台-chromium\error-context.md
]]>
</failure>
<system-out>
<![CDATA[
[[ATTACHMENT|login-登录功能测试-成功登录到管理后台-chromium\test-failed-1.png]]

[[ATTACHMENT|login-登录功能测试-成功登录到管理后台-chromium\video.webm]]

[[ATTACHMENT|login-登录功能测试-成功登录到管理后台-chromium\error-context.md]]
]]>
</system-out>
</testcase>
<testcase name="登录功能测试 › 密码错误时显示错误信息" classname="login.spec.js" time="11.799">
<failure message="login.spec.js:25:3 密码错误时显示错误信息" type="FAILURE">
<![CDATA[  [chromium] › login.spec.js:25:3 › 登录功能测试 › 密码错误时显示错误信息 ───────────────────────────────────────────

    TimeoutError: page.waitForSelector: Timeout 10000ms exceeded.
    Call log:
      - waiting for locator('.alert-danger') to be visible


      37 |     
      38 |     // 等待错误消息显示
    > 39 |     await page.waitForSelector('.alert-danger');
         |                ^
      40 |     
      41 |     // 验证错误信息
      42 |     await expect(page.locator('.alert-danger')).toContainText('密码错误');
        at E:\第一桶金\AI Breakthrough\AI-coding\html_deploy_project\tests\__tests__\e2e\login.spec.js:39:16

    attachment #1: screenshot (image/png) ──────────────────────────────────────────────────────────
    ..\..\..\test-results\login-登录功能测试-密码错误时显示错误信息-chromium\test-failed-1.png
    ────────────────────────────────────────────────────────────────────────────────────────────────

    attachment #2: video (video/webm) ──────────────────────────────────────────────────────────────
    ..\..\..\test-results\login-登录功能测试-密码错误时显示错误信息-chromium\video.webm
    ────────────────────────────────────────────────────────────────────────────────────────────────

    Error Context: ..\..\..\test-results\login-登录功能测试-密码错误时显示错误信息-chromium\error-context.md
]]>
</failure>
<system-out>
<![CDATA[
[[ATTACHMENT|login-登录功能测试-密码错误时显示错误信息-chromium\test-failed-1.png]]

[[ATTACHMENT|login-登录功能测试-密码错误时显示错误信息-chromium\video.webm]]

[[ATTACHMENT|login-登录功能测试-密码错误时显示错误信息-chromium\error-context.md]]
]]>
</system-out>
</testcase>
<testcase name="登录功能测试 › 未登录访问管理页面时重定向到登录页" classname="login.spec.js" time="1.539">
</testcase>
<testcase name="登录功能测试 › 登录后可以访问页面" classname="login.spec.js" time="31.69">
<failure message="login.spec.js:53:3 登录后可以访问页面" type="FAILURE">
<![CDATA[  [chromium] › login.spec.js:53:3 › 登录功能测试 › 登录后可以访问页面 ─────────────────────────────────────────────

    Test timeout of 30000ms exceeded.

    Error: page.waitForURL: Test timeout of 30000ms exceeded.
    =========================== logs ===========================
    waiting for navigation to "http://localhost:5678/admin/dashboard" until "load"
    ============================================================

      58 |     
      59 |     // 等待跳转
    > 60 |     await page.waitForURL('http://localhost:5678/admin/dashboard');
         |                ^
      61 |     
      62 |     // 访问主页
      63 |     await page.goto('http://localhost:5678/');
        at E:\第一桶金\AI Breakthrough\AI-coding\html_deploy_project\tests\__tests__\e2e\login.spec.js:60:16

    attachment #1: screenshot (image/png) ──────────────────────────────────────────────────────────
    ..\..\..\test-results\login-登录功能测试-登录后可以访问页面-chromium\test-failed-1.png
    ────────────────────────────────────────────────────────────────────────────────────────────────

    attachment #2: video (video/webm) ──────────────────────────────────────────────────────────────
    ..\..\..\test-results\login-登录功能测试-登录后可以访问页面-chromium\video.webm
    ────────────────────────────────────────────────────────────────────────────────────────────────

    Error Context: ..\..\..\test-results\login-登录功能测试-登录后可以访问页面-chromium\error-context.md
]]>
</failure>
<system-out>
<![CDATA[
[[ATTACHMENT|login-登录功能测试-登录后可以访问页面-chromium\test-failed-1.png]]

[[ATTACHMENT|login-登录功能测试-登录后可以访问页面-chromium\video.webm]]

[[ATTACHMENT|login-登录功能测试-登录后可以访问页面-chromium\error-context.md]]
]]>
</system-out>
</testcase>
</testsuite>
</testsuites>